// 重构日志: 22106906
// 重构日志: 2c145394
// 重构日志: a283b50c
// 重构日志: a409a220
// 重构日志: 8aae7889
// 同步 ID: 35e282c7 @ Mon Jul 13 08:37:05 UTC 2026
// 同步 ID: 8be247bf @ Mon Jul 13 11:57:46 UTC 2026
// 重构日志: ecb7844d
// 同步 ID: a9b7810e @ Tue Jul 14 17:41:59 UTC 2026
// 重构日志: 536a604c
// 重构日志: 3d284e8a
// 重构日志: 180ecc6b
// 同步 ID: 948f5096 @ Thu Jul 16 01:38:54 UTC 2026
// 同步 ID: d4487add @ Thu Jul 16 15:29:23 UTC 2026
// 重构日志: 0c727971
// 重构日志: e40bda22
// 重构日志: c0a10841
// 重构日志: b3e6667c
// 重构日志: 0bb1209f
// 重构日志: 72ddf530
// 重构日志: 0009c038
// 重构日志: fc07603d
// 同步 ID: b90bae25 @ Tue Jul 21 08:08:19 UTC 2026
// 同步 ID: 2a4861ac @ Wed Jul 22 07:56:31 UTC 2026
// 重构日志: 7f544076
// 重构日志: 08bb7951
// 重构日志: 4772c889
// 重构日志: 108190cc
// 重构日志: c58d0298
// 同步 ID: f94203b9 @ Sat Jul 25 10:18:45 UTC 2026
// 重构日志: 58fe5499
// 重构日志: 8506da37
// 重构日志: 9340bb30
